CRITICAL - 2026-08-29 02:29:30 --> ErrorException: mkdir(): No such file or directory
[Method: CLI, Route: make:migration/CreateCoursesTableC:\xampp_new\php\php.exe/spark/make:migration/CreateEnrollmentsTableC:\xampp_new\php\php.exe/spark/make:migration/CreateLessonsTableC:\xampp_new\php\php.exe/spark/make:migration/CreateQuizzesTableC:\xampp_new\php\php.exe/spark/make:migration/CreateSubmissionsTable]
in SYSTEMPATH\CLI\GeneratorTrait.php on line 207.
 1 [internal function]: CodeIgniter\Debug\Exceptions->errorHandler(2, 'mkdir(): No such file or directory', 'C:\\xampp_new\\htdocs\\ITE311-ABARCA\\system\\CLI\\GeneratorTrait.php', 207)
 2 SYSTEMPATH\CLI\GeneratorTrait.php(207): mkdir('C:\\xampp_new\\htdocs\\ITE311-ABARCA\\app\\Database\\Migrations\\CreateCoursesTableC:\\XamppNew\\Php', 493, true)
 3 SYSTEMPATH\CLI\GeneratorTrait.php(135): CodeIgniter\Commands\Generators\MigrationGenerator->generateFile('C:\\xampp_new\\htdocs\\ITE311-ABARCA\\app\\Database\\Migrations\\CreateCoursesTableC:\\XamppNew\\Php\\2026-08-29-022930_Php.exe.php', '<?php

namespace App\\Database\\Migrations\\CreateCoursesTableC:\\XamppNew\\Php;

use CodeIgniter\\Database\\Migration;

class Php.exe extends Migration
{
    public function up()
    {
        //
    }

    public function down()
    {
        //
    }
}
')
 4 SYSTEMPATH\Commands\Generators\MigrationGenerator.php(95): CodeIgniter\Commands\Generators\MigrationGenerator->generateClass([...])
 5 SYSTEMPATH\CLI\Commands.php(72): CodeIgniter\Commands\Generators\MigrationGenerator->run([...])
 6 SYSTEMPATH\CLI\Console.php(47): CodeIgniter\CLI\Commands->run('make:migration', [...])
 7 SYSTEMPATH\Boot.php(444): CodeIgniter\CLI\Console->run()
 8 SYSTEMPATH\Boot.php(166): CodeIgniter\Boot::runCommand(Object(CodeIgniter\CLI\Console))
 9 ROOTPATH\spark(87): CodeIgniter\Boot::bootSpark(Object(Config\Paths))
ERROR - 2026-08-29 02:32:36 --> Error connecting to the database: mysqli_sql_exception: Access denied for user ''@'localhost' (using password: NO) in C:\xampp_new\htdocs\ITE311-ABARCA\system\Database\MySQLi\Connection.php:201
Stack trace:
#0 C:\xampp_new\htdocs\ITE311-ABARCA\system\Database\MySQLi\Connection.php(201): mysqli->real_connect('localhost', '', Object(SensitiveParameterValue), 'lms_abarca', 3306, '', 0)
#1 C:\xampp_new\htdocs\ITE311-ABARCA\system\Database\BaseConnection.php(555): CodeIgniter\Database\MySQLi\Connection->connect(false)
#2 C:\xampp_new\htdocs\ITE311-ABARCA\system\Database\BaseConnection.php(795): CodeIgniter\Database\BaseConnection->initialize()
#3 C:\xampp_new\htdocs\ITE311-ABARCA\system\Database\BaseConnection.php(1706): CodeIgniter\Database\BaseConnection->query('SHOW TABLES FRO...')
#4 C:\xampp_new\htdocs\ITE311-ABARCA\system\Database\BaseConnection.php(1726): CodeIgniter\Database\BaseConnection->listTables()
#5 C:\xampp_new\htdocs\ITE311-ABARCA\system\Database\MigrationRunner.php(821): CodeIgniter\Database\BaseConnection->tableExists('migrations')
#6 C:\xampp_new\htdocs\ITE311-ABARCA\system\Database\MigrationRunner.php(173): CodeIgniter\Database\MigrationRunner->ensureTable()
#7 C:\xampp_new\htdocs\ITE311-ABARCA\system\Commands\Database\Migrate.php(89): CodeIgniter\Database\MigrationRunner->latest(NULL)
#8 C:\xampp_new\htdocs\ITE311-ABARCA\system\CLI\SignalTrait.php(245): CodeIgniter\Commands\Database\Migrate::CodeIgniter\Commands\Database\{closure}()
#9 C:\xampp_new\htdocs\ITE311-ABARCA\system\Commands\Database\Migrate.php(88): CodeIgniter\Commands\Database\Migrate->withSignalsBlocked(Object(Closure))
#10 C:\xampp_new\htdocs\ITE311-ABARCA\system\CLI\Commands.php(72): CodeIgniter\Commands\Database\Migrate->run(Array)
#11 C:\xampp_new\htdocs\ITE311-ABARCA\system\CLI\Console.php(47): CodeIgniter\CLI\Commands->run('migrate', Array)
#12 C:\xampp_new\htdocs\ITE311-ABARCA\system\Boot.php(444): CodeIgniter\CLI\Console->run()
#13 C:\xampp_new\htdocs\ITE311-ABARCA\system\Boot.php(166): CodeIgniter\Boot::runCommand(Object(CodeIgniter\CLI\Console))
#14 C:\xampp_new\htdocs\ITE311-ABARCA\spark(87): CodeIgniter\Boot::bootSpark(Object(Config\Paths))
#15 {main}

Next CodeIgniter\Database\Exceptions\DatabaseException: Access denied for user ''@'localhost' (using password: NO) in C:\xampp_new\htdocs\ITE311-ABARCA\system\Database\MySQLi\Connection.php:231
Stack trace:
#0 C:\xampp_new\htdocs\ITE311-ABARCA\system\Database\BaseConnection.php(555): CodeIgniter\Database\MySQLi\Connection->connect(false)
#1 C:\xampp_new\htdocs\ITE311-ABARCA\system\Database\BaseConnection.php(795): CodeIgniter\Database\BaseConnection->initialize()
#2 C:\xampp_new\htdocs\ITE311-ABARCA\system\Database\BaseConnection.php(1706): CodeIgniter\Database\BaseConnection->query('SHOW TABLES FRO...')
#3 C:\xampp_new\htdocs\ITE311-ABARCA\system\Database\BaseConnection.php(1726): CodeIgniter\Database\BaseConnection->listTables()
#4 C:\xampp_new\htdocs\ITE311-ABARCA\system\Database\MigrationRunner.php(821): CodeIgniter\Database\BaseConnection->tableExists('migrations')
#5 C:\xampp_new\htdocs\ITE311-ABARCA\system\Database\MigrationRunner.php(173): CodeIgniter\Database\MigrationRunner->ensureTable()
#6 C:\xampp_new\htdocs\ITE311-ABARCA\system\Commands\Database\Migrate.php(89): CodeIgniter\Database\MigrationRunner->latest(NULL)
#7 C:\xampp_new\htdocs\ITE311-ABARCA\system\CLI\SignalTrait.php(245): CodeIgniter\Commands\Database\Migrate::CodeIgniter\Commands\Database\{closure}()
#8 C:\xampp_new\htdocs\ITE311-ABARCA\system\Commands\Database\Migrate.php(88): CodeIgniter\Commands\Database\Migrate->withSignalsBlocked(Object(Closure))
#9 C:\xampp_new\htdocs\ITE311-ABARCA\system\CLI\Commands.php(72): CodeIgniter\Commands\Database\Migrate->run(Array)
#10 C:\xampp_new\htdocs\ITE311-ABARCA\system\CLI\Console.php(47): CodeIgniter\CLI\Commands->run('migrate', Array)
#11 C:\xampp_new\htdocs\ITE311-ABARCA\system\Boot.php(444): CodeIgniter\CLI\Console->run()
#12 C:\xampp_new\htdocs\ITE311-ABARCA\system\Boot.php(166): CodeIgniter\Boot::runCommand(Object(CodeIgniter\CLI\Console))
#13 C:\xampp_new\htdocs\ITE311-ABARCA\spark(87): CodeIgniter\Boot::bootSpark(Object(Config\Paths))
#14 {main}
ERROR - 2026-08-29 02:38:46 --> Error connecting to the database: mysqli_sql_exception: Access denied for user ''@'localhost' (using password: NO) in C:\xampp_new\htdocs\ITE311-ABARCA\system\Database\MySQLi\Connection.php:201
Stack trace:
#0 C:\xampp_new\htdocs\ITE311-ABARCA\system\Database\MySQLi\Connection.php(201): mysqli->real_connect('localhost', '', Object(SensitiveParameterValue), 'lms_abarca', 3306, '', 0)
#1 C:\xampp_new\htdocs\ITE311-ABARCA\system\Database\BaseConnection.php(555): CodeIgniter\Database\MySQLi\Connection->connect(false)
#2 C:\xampp_new\htdocs\ITE311-ABARCA\system\Database\BaseConnection.php(795): CodeIgniter\Database\BaseConnection->initialize()
#3 C:\xampp_new\htdocs\ITE311-ABARCA\system\Database\BaseConnection.php(1706): CodeIgniter\Database\BaseConnection->query('SHOW TABLES FRO...')
#4 C:\xampp_new\htdocs\ITE311-ABARCA\system\Database\BaseConnection.php(1726): CodeIgniter\Database\BaseConnection->listTables()
#5 C:\xampp_new\htdocs\ITE311-ABARCA\system\Database\MigrationRunner.php(821): CodeIgniter\Database\BaseConnection->tableExists('migrations')
#6 C:\xampp_new\htdocs\ITE311-ABARCA\system\Database\MigrationRunner.php(173): CodeIgniter\Database\MigrationRunner->ensureTable()
#7 C:\xampp_new\htdocs\ITE311-ABARCA\system\Commands\Database\Migrate.php(89): CodeIgniter\Database\MigrationRunner->latest(NULL)
#8 C:\xampp_new\htdocs\ITE311-ABARCA\system\CLI\SignalTrait.php(245): CodeIgniter\Commands\Database\Migrate::CodeIgniter\Commands\Database\{closure}()
#9 C:\xampp_new\htdocs\ITE311-ABARCA\system\Commands\Database\Migrate.php(88): CodeIgniter\Commands\Database\Migrate->withSignalsBlocked(Object(Closure))
#10 C:\xampp_new\htdocs\ITE311-ABARCA\system\CLI\Commands.php(72): CodeIgniter\Commands\Database\Migrate->run(Array)
#11 C:\xampp_new\htdocs\ITE311-ABARCA\system\CLI\Console.php(47): CodeIgniter\CLI\Commands->run('migrate', Array)
#12 C:\xampp_new\htdocs\ITE311-ABARCA\system\Boot.php(444): CodeIgniter\CLI\Console->run()
#13 C:\xampp_new\htdocs\ITE311-ABARCA\system\Boot.php(166): CodeIgniter\Boot::runCommand(Object(CodeIgniter\CLI\Console))
#14 C:\xampp_new\htdocs\ITE311-ABARCA\spark(87): CodeIgniter\Boot::bootSpark(Object(Config\Paths))
#15 {main}

Next CodeIgniter\Database\Exceptions\DatabaseException: Access denied for user ''@'localhost' (using password: NO) in C:\xampp_new\htdocs\ITE311-ABARCA\system\Database\MySQLi\Connection.php:231
Stack trace:
#0 C:\xampp_new\htdocs\ITE311-ABARCA\system\Database\BaseConnection.php(555): CodeIgniter\Database\MySQLi\Connection->connect(false)
#1 C:\xampp_new\htdocs\ITE311-ABARCA\system\Database\BaseConnection.php(795): CodeIgniter\Database\BaseConnection->initialize()
#2 C:\xampp_new\htdocs\ITE311-ABARCA\system\Database\BaseConnection.php(1706): CodeIgniter\Database\BaseConnection->query('SHOW TABLES FRO...')
#3 C:\xampp_new\htdocs\ITE311-ABARCA\system\Database\BaseConnection.php(1726): CodeIgniter\Database\BaseConnection->listTables()
#4 C:\xampp_new\htdocs\ITE311-ABARCA\system\Database\MigrationRunner.php(821): CodeIgniter\Database\BaseConnection->tableExists('migrations')
#5 C:\xampp_new\htdocs\ITE311-ABARCA\system\Database\MigrationRunner.php(173): CodeIgniter\Database\MigrationRunner->ensureTable()
#6 C:\xampp_new\htdocs\ITE311-ABARCA\system\Commands\Database\Migrate.php(89): CodeIgniter\Database\MigrationRunner->latest(NULL)
#7 C:\xampp_new\htdocs\ITE311-ABARCA\system\CLI\SignalTrait.php(245): CodeIgniter\Commands\Database\Migrate::CodeIgniter\Commands\Database\{closure}()
#8 C:\xampp_new\htdocs\ITE311-ABARCA\system\Commands\Database\Migrate.php(88): CodeIgniter\Commands\Database\Migrate->withSignalsBlocked(Object(Closure))
#9 C:\xampp_new\htdocs\ITE311-ABARCA\system\CLI\Commands.php(72): CodeIgniter\Commands\Database\Migrate->run(Array)
#10 C:\xampp_new\htdocs\ITE311-ABARCA\system\CLI\Console.php(47): CodeIgniter\CLI\Commands->run('migrate', Array)
#11 C:\xampp_new\htdocs\ITE311-ABARCA\system\Boot.php(444): CodeIgniter\CLI\Console->run()
#12 C:\xampp_new\htdocs\ITE311-ABARCA\system\Boot.php(166): CodeIgniter\Boot::runCommand(Object(CodeIgniter\CLI\Console))
#13 C:\xampp_new\htdocs\ITE311-ABARCA\spark(87): CodeIgniter\Boot::bootSpark(Object(Config\Paths))
#14 {main}
ERROR - 2026-08-29 02:45:53 --> Table 'lms_abarca.users' doesn't exist
in SYSTEMPATH\Database\MySQLi\Connection.php on line 300.
 1 SYSTEMPATH\Database\MySQLi\Connection.php(300): mysqli->query('INSERT INTO `users` (`created_at`, `email`, `name`, `password`, `role`, `updated_at`)
VALUES (\'2026-08-29 02:45:52\',\'admin@lms.test\',\'Admin User\',\'$2y$10$FRtJn8AtoSA2gyL17zJ/1eC4Qzg4/3CKmZtb1khMzdOOARDivUlZq\',\'admin\',\'2026-08-29 02:45:52\'), (\'2026-08-29 02:45:53\',\'instructor1@lms.test\',\'Instructor One\',\'$2y$10$KJR.3bmrSJIZG39shXPmauAU1SLsE.4sB/PTUTmvyma7BbwRr6DL2\',\'instructor\',\'2026-08-29 02:45:53\'), (\'2026-08-29 02:45:53\',\'student1@lms.test\',\'Student One\',\'$2y$10$sDTA3YsGQfJKc0eXPirHi.kWFuq7CpjJK4JlQgrtWEPTvJhYgnR3m\',\'student\',\'2026-08-29 02:45:53\'), (\'2026-08-29 02:45:53\',\'student2@lms.test\',\'Student Two\',\'$2y$10$pV/HM.Fmz6P1nxDIG.WP4uw2mOhpFtBCXOQ9ecDugUYUyZ9zoQzby\',\'student\',\'2026-08-29 02:45:53\')', 0)
 2 SYSTEMPATH\Database\BaseConnection.php(908): CodeIgniter\Database\MySQLi\Connection->execute('INSERT INTO `users` (`created_at`, `email`, `name`, `password`, `role`, `updated_at`)
VALUES (\'2026-08-29 02:45:52\',\'admin@lms.test\',\'Admin User\',\'$2y$10$FRtJn8AtoSA2gyL17zJ/1eC4Qzg4/3CKmZtb1khMzdOOARDivUlZq\',\'admin\',\'2026-08-29 02:45:52\'), (\'2026-08-29 02:45:53\',\'instructor1@lms.test\',\'Instructor One\',\'$2y$10$KJR.3bmrSJIZG39shXPmauAU1SLsE.4sB/PTUTmvyma7BbwRr6DL2\',\'instructor\',\'2026-08-29 02:45:53\'), (\'2026-08-29 02:45:53\',\'student1@lms.test\',\'Student One\',\'$2y$10$sDTA3YsGQfJKc0eXPirHi.kWFuq7CpjJK4JlQgrtWEPTvJhYgnR3m\',\'student\',\'2026-08-29 02:45:53\'), (\'2026-08-29 02:45:53\',\'student2@lms.test\',\'Student Two\',\'$2y$10$pV/HM.Fmz6P1nxDIG.WP4uw2mOhpFtBCXOQ9ecDugUYUyZ9zoQzby\',\'student\',\'2026-08-29 02:45:53\')')
 3 SYSTEMPATH\Database\BaseConnection.php(825): CodeIgniter\Database\BaseConnection->simpleQuery('INSERT INTO `users` (`created_at`, `email`, `name`, `password`, `role`, `updated_at`)
VALUES (\'2026-08-29 02:45:52\',\'admin@lms.test\',\'Admin User\',\'$2y$10$FRtJn8AtoSA2gyL17zJ/1eC4Qzg4/3CKmZtb1khMzdOOARDivUlZq\',\'admin\',\'2026-08-29 02:45:52\'), (\'2026-08-29 02:45:53\',\'instructor1@lms.test\',\'Instructor One\',\'$2y$10$KJR.3bmrSJIZG39shXPmauAU1SLsE.4sB/PTUTmvyma7BbwRr6DL2\',\'instructor\',\'2026-08-29 02:45:53\'), (\'2026-08-29 02:45:53\',\'student1@lms.test\',\'Student One\',\'$2y$10$sDTA3YsGQfJKc0eXPirHi.kWFuq7CpjJK4JlQgrtWEPTvJhYgnR3m\',\'student\',\'2026-08-29 02:45:53\'), (\'2026-08-29 02:45:53\',\'student2@lms.test\',\'Student Two\',\'$2y$10$pV/HM.Fmz6P1nxDIG.WP4uw2mOhpFtBCXOQ9ecDugUYUyZ9zoQzby\',\'student\',\'2026-08-29 02:45:53\')')
 4 SYSTEMPATH\Database\BaseBuilder.php(1851): CodeIgniter\Database\BaseConnection->query('INSERT INTO `users` (`created_at`, `email`, `name`, `password`, `role`, `updated_at`)
VALUES (\'2026-08-29 02:45:52\',\'admin@lms.test\',\'Admin User\',\'$2y$10$FRtJn8AtoSA2gyL17zJ/1eC4Qzg4/3CKmZtb1khMzdOOARDivUlZq\',\'admin\',\'2026-08-29 02:45:52\'), (\'2026-08-29 02:45:53\',\'instructor1@lms.test\',\'Instructor One\',\'$2y$10$KJR.3bmrSJIZG39shXPmauAU1SLsE.4sB/PTUTmvyma7BbwRr6DL2\',\'instructor\',\'2026-08-29 02:45:53\'), (\'2026-08-29 02:45:53\',\'student1@lms.test\',\'Student One\',\'$2y$10$sDTA3YsGQfJKc0eXPirHi.kWFuq7CpjJK4JlQgrtWEPTvJhYgnR3m\',\'student\',\'2026-08-29 02:45:53\'), (\'2026-08-29 02:45:53\',\'student2@lms.test\',\'Student Two\',\'$2y$10$pV/HM.Fmz6P1nxDIG.WP4uw2mOhpFtBCXOQ9ecDugUYUyZ9zoQzby\',\'student\',\'2026-08-29 02:45:53\')', null, false)
 5 SYSTEMPATH\Database\BaseBuilder.php(2240): CodeIgniter\Database\BaseBuilder->batchExecute('_insertBatch', 100)
 6 APPPATH\Database\Seeds\UserSeeder.php(342): CodeIgniter\Database\BaseBuilder->insertBatch([...])
 7 SYSTEMPATH\Database\Seeder.php(155): App\Database\Seeds\UserSeeder->run()
 8 SYSTEMPATH\Commands\Database\Seed.php(79): CodeIgniter\Database\Seeder->call('App\\Database\\Seeds\\UserSeeder')
 9 SYSTEMPATH\CLI\Commands.php(72): CodeIgniter\Commands\Database\Seed->run([])
10 SYSTEMPATH\CLI\Console.php(47): CodeIgniter\CLI\Commands->run('db:seed', [...])
11 SYSTEMPATH\Boot.php(444): CodeIgniter\CLI\Console->run()
12 SYSTEMPATH\Boot.php(166): CodeIgniter\Boot::runCommand(Object(CodeIgniter\CLI\Console))
13 ROOTPATH\spark(87): CodeIgniter\Boot::bootSpark(Object(Config\Paths))
ERROR - 2026-08-29 02:50:01 --> Unknown table 'lms_abarca.users'
in SYSTEMPATH\Database\MySQLi\Connection.php on line 300.
 1 SYSTEMPATH\Database\MySQLi\Connection.php(300): mysqli->query('DROP TABLE `users`', 0)
 2 SYSTEMPATH\Database\BaseConnection.php(908): CodeIgniter\Database\MySQLi\Connection->execute('DROP TABLE `users`')
 3 SYSTEMPATH\Database\BaseConnection.php(825): CodeIgniter\Database\BaseConnection->simpleQuery('DROP TABLE `users`')
 4 SYSTEMPATH\Database\Forge.php(663): CodeIgniter\Database\BaseConnection->query('DROP TABLE `users`')
 5 APPPATH\Database\Migrations\2026-08-29-022848_CreateUsersTable.php(50): CodeIgniter\Database\Forge->dropTable('users')
 6 SYSTEMPATH\Database\MigrationRunner.php(1014): App\Database\Migrations\CreateUsersTable->down()
 7 SYSTEMPATH\Database\MigrationRunner.php(323): CodeIgniter\Database\MigrationRunner->migrate('down', Object(stdClass))
 8 SYSTEMPATH\Commands\Database\MigrateRollback.php(105): CodeIgniter\Database\MigrationRunner->regress(0)
 9 SYSTEMPATH\CLI\SignalTrait.php(245): CodeIgniter\Commands\Database\MigrateRollback::CodeIgniter\Commands\Database\{closure}()
10 SYSTEMPATH\Commands\Database\MigrateRollback.php(104): CodeIgniter\Commands\Database\MigrateRollback->withSignalsBlocked(Object(Closure))
11 SYSTEMPATH\CLI\Commands.php(72): CodeIgniter\Commands\Database\MigrateRollback->run([])
12 SYSTEMPATH\CLI\Console.php(47): CodeIgniter\CLI\Commands->run('migrate:rollback', [])
13 SYSTEMPATH\Boot.php(444): CodeIgniter\CLI\Console->run()
14 SYSTEMPATH\Boot.php(166): CodeIgniter\Boot::runCommand(Object(CodeIgniter\CLI\Console))
15 ROOTPATH\spark(87): CodeIgniter\Boot::bootSpark(Object(Config\Paths))
ERROR - 2026-08-29 02:57:53 --> Table 'lms_abarca.users' doesn't exist
in SYSTEMPATH\Database\MySQLi\Connection.php on line 300.
 1 SYSTEMPATH\Database\MySQLi\Connection.php(300): mysqli->query('INSERT INTO `users` (`created_at`, `email`, `name`, `password`, `role`, `updated_at`)
VALUES (\'2026-08-29 02:57:52\',\'admin@lms.test\',\'Admin User\',\'$2y$10$jne81A1Zc2eZa2dL/pK0Cu51D4XWX7A3b9M5YCGwPyio1UDk90DxS\',\'admin\',\'2026-08-29 02:57:52\'), (\'2026-08-29 02:57:53\',\'instructor1@lms.test\',\'Instructor One\',\'$2y$10$2Js0NCehySHSwLC8avesRerXD8GBfkbKv30MmsU5xMg.VHY36AEC2\',\'instructor\',\'2026-08-29 02:57:53\'), (\'2026-08-29 02:57:53\',\'student1@lms.test\',\'Student One\',\'$2y$10$imc7JDY9JJ0GitWqlkW7OeZ1RiDL.ajtPllHshoLW1Ygbo6qTIEE.\',\'student\',\'2026-08-29 02:57:53\'), (\'2026-08-29 02:57:53\',\'student2@lms.test\',\'Student Two\',\'$2y$10$q1jBoRHs02euAGLQwgIBmuP/U5KTzMBZrdNrmdnplylslFQoQt.S.\',\'student\',\'2026-08-29 02:57:53\')', 0)
 2 SYSTEMPATH\Database\BaseConnection.php(908): CodeIgniter\Database\MySQLi\Connection->execute('INSERT INTO `users` (`created_at`, `email`, `name`, `password`, `role`, `updated_at`)
VALUES (\'2026-08-29 02:57:52\',\'admin@lms.test\',\'Admin User\',\'$2y$10$jne81A1Zc2eZa2dL/pK0Cu51D4XWX7A3b9M5YCGwPyio1UDk90DxS\',\'admin\',\'2026-08-29 02:57:52\'), (\'2026-08-29 02:57:53\',\'instructor1@lms.test\',\'Instructor One\',\'$2y$10$2Js0NCehySHSwLC8avesRerXD8GBfkbKv30MmsU5xMg.VHY36AEC2\',\'instructor\',\'2026-08-29 02:57:53\'), (\'2026-08-29 02:57:53\',\'student1@lms.test\',\'Student One\',\'$2y$10$imc7JDY9JJ0GitWqlkW7OeZ1RiDL.ajtPllHshoLW1Ygbo6qTIEE.\',\'student\',\'2026-08-29 02:57:53\'), (\'2026-08-29 02:57:53\',\'student2@lms.test\',\'Student Two\',\'$2y$10$q1jBoRHs02euAGLQwgIBmuP/U5KTzMBZrdNrmdnplylslFQoQt.S.\',\'student\',\'2026-08-29 02:57:53\')')
 3 SYSTEMPATH\Database\BaseConnection.php(825): CodeIgniter\Database\BaseConnection->simpleQuery('INSERT INTO `users` (`created_at`, `email`, `name`, `password`, `role`, `updated_at`)
VALUES (\'2026-08-29 02:57:52\',\'admin@lms.test\',\'Admin User\',\'$2y$10$jne81A1Zc2eZa2dL/pK0Cu51D4XWX7A3b9M5YCGwPyio1UDk90DxS\',\'admin\',\'2026-08-29 02:57:52\'), (\'2026-08-29 02:57:53\',\'instructor1@lms.test\',\'Instructor One\',\'$2y$10$2Js0NCehySHSwLC8avesRerXD8GBfkbKv30MmsU5xMg.VHY36AEC2\',\'instructor\',\'2026-08-29 02:57:53\'), (\'2026-08-29 02:57:53\',\'student1@lms.test\',\'Student One\',\'$2y$10$imc7JDY9JJ0GitWqlkW7OeZ1RiDL.ajtPllHshoLW1Ygbo6qTIEE.\',\'student\',\'2026-08-29 02:57:53\'), (\'2026-08-29 02:57:53\',\'student2@lms.test\',\'Student Two\',\'$2y$10$q1jBoRHs02euAGLQwgIBmuP/U5KTzMBZrdNrmdnplylslFQoQt.S.\',\'student\',\'2026-08-29 02:57:53\')')
 4 SYSTEMPATH\Database\BaseBuilder.php(1851): CodeIgniter\Database\BaseConnection->query('INSERT INTO `users` (`created_at`, `email`, `name`, `password`, `role`, `updated_at`)
VALUES (\'2026-08-29 02:57:52\',\'admin@lms.test\',\'Admin User\',\'$2y$10$jne81A1Zc2eZa2dL/pK0Cu51D4XWX7A3b9M5YCGwPyio1UDk90DxS\',\'admin\',\'2026-08-29 02:57:52\'), (\'2026-08-29 02:57:53\',\'instructor1@lms.test\',\'Instructor One\',\'$2y$10$2Js0NCehySHSwLC8avesRerXD8GBfkbKv30MmsU5xMg.VHY36AEC2\',\'instructor\',\'2026-08-29 02:57:53\'), (\'2026-08-29 02:57:53\',\'student1@lms.test\',\'Student One\',\'$2y$10$imc7JDY9JJ0GitWqlkW7OeZ1RiDL.ajtPllHshoLW1Ygbo6qTIEE.\',\'student\',\'2026-08-29 02:57:53\'), (\'2026-08-29 02:57:53\',\'student2@lms.test\',\'Student Two\',\'$2y$10$q1jBoRHs02euAGLQwgIBmuP/U5KTzMBZrdNrmdnplylslFQoQt.S.\',\'student\',\'2026-08-29 02:57:53\')', null, false)
 5 SYSTEMPATH\Database\BaseBuilder.php(2240): CodeIgniter\Database\BaseBuilder->batchExecute('_insertBatch', 100)
 6 APPPATH\Database\Seeds\UserSeeder.php(46): CodeIgniter\Database\BaseBuilder->insertBatch([...])
 7 SYSTEMPATH\Database\Seeder.php(155): App\Database\Seeds\UserSeeder->run()
 8 SYSTEMPATH\Commands\Database\Seed.php(79): CodeIgniter\Database\Seeder->call('App\\Database\\Seeds\\UserSeeder')
 9 SYSTEMPATH\CLI\Commands.php(72): CodeIgniter\Commands\Database\Seed->run([])
10 SYSTEMPATH\CLI\Console.php(47): CodeIgniter\CLI\Commands->run('db:seed', [...])
11 SYSTEMPATH\Boot.php(444): CodeIgniter\CLI\Console->run()
12 SYSTEMPATH\Boot.php(166): CodeIgniter\Boot::runCommand(Object(CodeIgniter\CLI\Console))
13 ROOTPATH\spark(87): CodeIgniter\Boot::bootSpark(Object(Config\Paths))
